{"engine_status": "VALID", "name": "S1_single_circle", "oracle_max_boxes": 800000, "oracle_max_depth": 40, "oracle_status": "VALID", "runtime_seconds": 0.02797580000333255}
{"engine_status": "VALID", "name": "S2_two_separated_circles", "oracle_max_boxes": 800000, "oracle_max_depth": 40, "oracle_status": "VALID", "runtime_seconds": 0.12356229999568313}
{"engine_status": "VALID", "name": "S3_concentric_annulus", "oracle_max_boxes": 800000, "oracle_max_depth": 40, "oracle_status": "VALID", "runtime_seconds": 0.7889723999978742}
{"engine_status": "UNKNOWN", "name": "S3b_annulus_equality", "oracle_max_boxes": 1000, "oracle_max_depth": 0, "oracle_status": "UNKNOWN", "runtime_seconds": 0.09928049999871291}
{"engine_status": "VALID", "name": "S4_near_parallel_large_loops", "oracle_max_boxes": 800000, "oracle_max_depth": 40, "oracle_status": "VALID", "runtime_seconds": 0.2562857000011718}
{"engine_status": "UNKNOWN", "name": "S5_exact_equality_pair", "oracle_max_boxes": 1000, "oracle_max_depth": 0, "oracle_status": "UNKNOWN", "runtime_seconds": 0.07976710000366438}
{"engine_status": "CURVATURE_FAIL", "name": "S6_high_curvature_fails", "oracle_max_boxes": 1000, "oracle_max_depth": 0, "oracle_status": "CURVATURE_FAIL", "runtime_seconds": 0.0016246000013779849}
{"engine_status": "VALID", "name": "S6b_high_curvature_strict_valid", "oracle_max_boxes": 800000, "oracle_max_depth": 40, "oracle_status": "VALID", "runtime_seconds": 0.23175970000011148}
{"engine_status": "UNKNOWN", "name": "S7_low_curvature_global_bottleneck", "oracle_max_boxes": 1000, "oracle_max_depth": 0, "oracle_status": "UNKNOWN", "runtime_seconds": 0.06648629999835975}
{"engine_status": "VALID", "name": "S8_nested_and_multiple_components", "oracle_max_boxes": 800000, "oracle_max_depth": 40, "oracle_status": "VALID", "runtime_seconds": 0.877614100005303}
{"engine_status": "VALID", "name": "A01_external_gap", "oracle_max_boxes": 800000, "oracle_max_depth": 40, "oracle_status": "VALID", "runtime_seconds": 0.10888539999723434}
{"engine_status": "UNKNOWN", "name": "A02_external_above", "oracle_max_boxes": 1000, "oracle_max_depth": 0, "oracle_status": "UNKNOWN", "runtime_seconds": 0.10413930000504479}
{"engine_status": "VALID", "name": "A03_nested_strict", "oracle_max_boxes": 800000, "oracle_max_depth": 40, "oracle_status": "VALID", "runtime_seconds": 0.09279170000081649}
{"engine_status": "CURVATURE_FAIL", "name": "A04_nested_above", "oracle_max_boxes": 1000, "oracle_max_depth": 0, "oracle_status": "CURVATURE_FAIL", "runtime_seconds": 0.002644499996677041}
{"engine_status": "VALID", "name": "A05_seam_bottleneck", "oracle_max_boxes": 800000, "oracle_max_depth": 40, "oracle_status": "VALID", "runtime_seconds": 0.08584450000489596}
{"engine_status": "UNKNOWN", "name": "A06_seam_above", "oracle_max_boxes": 1000, "oracle_max_depth": 0, "oracle_status": "UNKNOWN", "runtime_seconds": 0.08353119999810588}
{"engine_status": "VALID", "name": "A07_three_hidden_gap", "oracle_max_boxes": 800000, "oracle_max_depth": 40, "oracle_status": "VALID", "runtime_seconds": 0.1759676000001491}
{"engine_status": "UNKNOWN", "name": "A08_three_hidden_gap_above", "oracle_max_boxes": 1000, "oracle_max_depth": 0, "oracle_status": "UNKNOWN", "runtime_seconds": 0.15727640000113752}
{"engine_status": "VALID", "name": "A09_large_margin", "oracle_max_boxes": 800000, "oracle_max_depth": 40, "oracle_status": "VALID", "runtime_seconds": 0.10944279999966966}
{"engine_status": "VALID", "name": "A10_single_fractional", "oracle_max_boxes": 800000, "oracle_max_depth": 40, "oracle_status": "VALID", "runtime_seconds": 0.10257560000172816}
{"engine_status": "VALID", "name": "A11_nested_fractional", "oracle_max_boxes": 800000, "oracle_max_depth": 40, "oracle_status": "VALID", "runtime_seconds": 0.2742268000001786}
{"engine_status": "UNKNOWN", "name": "A12_equality_single", "oracle_max_boxes": 1000, "oracle_max_depth": 0, "oracle_status": "UNKNOWN", "runtime_seconds": 0.04023800000140909}
{"engine_status": "VALID", "name": "K1_vertical_knot", "oracle_max_boxes": 800000, "oracle_max_depth": 40, "oracle_status": "VALID", "runtime_seconds": 0.024686400000064168}
{"engine_status": "VALID", "name": "K2_horizontal_knot", "oracle_max_boxes": 800000, "oracle_max_depth": 40, "oracle_status": "VALID", "runtime_seconds": 0.028602300000784453}
{"engine_status": "VALID", "name": "K3_corner_knot", "oracle_max_boxes": 800000, "oracle_max_depth": 40, "oracle_status": "VALID", "runtime_seconds": 0.026215600002615247}
{"engine_status": "VALID", "name": "K4_multi_knots", "oracle_max_boxes": 800000, "oracle_max_depth": 40, "oracle_status": "VALID", "runtime_seconds": 0.039561999998113606}
{"engine_status": "VALID", "name": "K5_two_loops", "oracle_max_boxes": 800000, "oracle_max_depth": 40, "oracle_status": "VALID", "runtime_seconds": 0.0844442000015988}
{"engine_status": "VALID", "name": "K6_nested", "oracle_max_boxes": 800000, "oracle_max_depth": 40, "oracle_status": "VALID", "runtime_seconds": 0.20317839999916032}
{"engine_status": "VALID", "name": "K7_near_bottleneck", "oracle_max_boxes": 800000, "oracle_max_depth": 40, "oracle_status": "VALID", "runtime_seconds": 0.09616249999817228}
{"engine_status": "UNKNOWN", "name": "K8_equality", "oracle_max_boxes": 1000, "oracle_max_depth": 0, "oracle_status": "UNKNOWN", "runtime_seconds": 0.09215280000353232}
{"engine_status": "UNKNOWN", "name": "K9_above", "oracle_max_boxes": 1000, "oracle_max_depth": 0, "oracle_status": "UNKNOWN", "runtime_seconds": 0.09188189999986207}
