{
  "all_passed": false,
  "commands": {
    "float_path_audit": {
      "command": [
        "D:\\29722\\Desktop\\\u5f31\u5c0f\u4f46\u662f\u6709\u68a6\u60f3\u7684BoBoo\u6587\\paper\\paper7\\c2b\\.worktrees\\phase-c2b-worker\\.venv\\Scripts\\python.exe",
        "scripts/run_float_path_audit.py"
      ],
      "exit_code": 0,
      "runtime_seconds": 0.09209510000073351
    },
    "general_suite": {
      "command": [
        "D:\\29722\\Desktop\\\u5f31\u5c0f\u4f46\u662f\u6709\u68a6\u60f3\u7684BoBoo\u6587\\paper\\paper7\\c2b\\.worktrees\\phase-c2b-worker\\.venv\\Scripts\\python.exe",
        "scripts/run_general_suite.py"
      ],
      "exit_code": 1,
      "runtime_seconds": 0.1131969999987632
    },
    "invalid_suite": {
      "command": [
        "D:\\29722\\Desktop\\\u5f31\u5c0f\u4f46\u662f\u6709\u68a6\u60f3\u7684BoBoo\u6587\\paper\\paper7\\c2b\\.worktrees\\phase-c2b-worker\\.venv\\Scripts\\python.exe",
        "scripts/run_invalid_suite.py"
      ],
      "exit_code": 0,
      "runtime_seconds": 0.10029930000018794
    },
    "proof_replay": {
      "command": [
        "D:\\29722\\Desktop\\\u5f31\u5c0f\u4f46\u662f\u6709\u68a6\u60f3\u7684BoBoo\u6587\\paper\\paper7\\c2b\\.worktrees\\phase-c2b-worker\\.venv\\Scripts\\python.exe",
        "scripts/run_proof_replay.py"
      ],
      "exit_code": 1,
      "runtime_seconds": 0.10371500000110245
    },
    "property_suite": {
      "command": [
        "D:\\29722\\Desktop\\\u5f31\u5c0f\u4f46\u662f\u6709\u68a6\u60f3\u7684BoBoo\u6587\\paper\\paper7\\c2b\\.worktrees\\phase-c2b-worker\\.venv\\Scripts\\python.exe",
        "scripts/run_property_suite.py"
      ],
      "exit_code": 0,
      "runtime_seconds": 12.240015200000926
    },
    "py_compile": {
      "command": [
        "D:\\29722\\Desktop\\\u5f31\u5c0f\u4f46\u662f\u6709\u68a6\u60f3\u7684BoBoo\u6587\\paper\\paper7\\c2b\\.worktrees\\phase-c2b-worker\\.venv\\Scripts\\python.exe",
        "-m",
        "compileall",
        "-q",
        "phase_c2a",
        "tests",
        "scripts"
      ],
      "exit_code": 0,
      "runtime_seconds": 0.1371547000017017
    },
    "pytest": {
      "command": [
        "D:\\29722\\Desktop\\\u5f31\u5c0f\u4f46\u662f\u6709\u68a6\u60f3\u7684BoBoo\u6587\\paper\\paper7\\c2b\\.worktrees\\phase-c2b-worker\\.venv\\Scripts\\python.exe",
        "-m",
        "pytest",
        "-q"
      ],
      "exit_code": 2,
      "runtime_seconds": 0.5424734999978682
    }
  },
  "field_only_loop_discovery": "NOT_IMPLEMENTED; candidate-free calls return UNKNOWN",
  "general_counts": {
    "circle_failures": null,
    "circle_false_valid": null,
    "circle_scenarios": null,
    "circle_valid": null,
    "knot_failures": null,
    "knot_scenarios": null,
    "knot_valid": null
  },
  "general_semantic_gate": false
}
