{
  "all_passed": true,
  "commands": {
    "float_path_audit": {
      "command": [
        "D:\\29722\\Desktop\\\u5f31\u5c0f\u4f46\u662f\u6709\u68a6\u60f3\u7684BoBoo\u6587\\paper\\paper7\\c2b\\.worktrees\\phase-c2b-worker\\.venv\\Scripts\\python.exe",
        "scripts/run_float_path_audit.py"
      ],
      "exit_code": 0,
      "log_path": "logs/VERIFY_FLOAT_PATH_AUDIT.txt",
      "runtime_seconds": 0.09564839999802643,
      "timed_out": false,
      "timeout_seconds": 120
    },
    "frozen_artifact_hash": {
      "command": [
        "D:\\29722\\Desktop\\\u5f31\u5c0f\u4f46\u662f\u6709\u68a6\u60f3\u7684BoBoo\u6587\\paper\\paper7\\c2b\\.worktrees\\phase-c2b-worker\\.venv\\Scripts\\python.exe",
        "scripts/run_frozen_hash_check.py"
      ],
      "exit_code": 0,
      "log_path": "logs/VERIFY_FROZEN_ARTIFACT_HASH.txt",
      "runtime_seconds": 0.107926700002281,
      "timed_out": false,
      "timeout_seconds": 120
    },
    "general_suite": {
      "command": [
        "D:\\29722\\Desktop\\\u5f31\u5c0f\u4f46\u662f\u6709\u68a6\u60f3\u7684BoBoo\u6587\\paper\\paper7\\c2b\\.worktrees\\phase-c2b-worker\\.venv\\Scripts\\python.exe",
        "scripts/run_general_suite.py"
      ],
      "exit_code": 0,
      "log_path": "logs/VERIFY_GENERAL_SUITE.txt",
      "runtime_seconds": 4.9061006999982055,
      "timed_out": false,
      "timeout_seconds": 120
    },
    "invalid_suite": {
      "command": [
        "D:\\29722\\Desktop\\\u5f31\u5c0f\u4f46\u662f\u6709\u68a6\u60f3\u7684BoBoo\u6587\\paper\\paper7\\c2b\\.worktrees\\phase-c2b-worker\\.venv\\Scripts\\python.exe",
        "scripts/run_invalid_suite.py"
      ],
      "exit_code": 0,
      "log_path": "logs/VERIFY_INVALID_SUITE.txt",
      "runtime_seconds": 0.11350390000006882,
      "timed_out": false,
      "timeout_seconds": 120
    },
    "proof_replay": {
      "command": [
        "D:\\29722\\Desktop\\\u5f31\u5c0f\u4f46\u662f\u6709\u68a6\u60f3\u7684BoBoo\u6587\\paper\\paper7\\c2b\\.worktrees\\phase-c2b-worker\\.venv\\Scripts\\python.exe",
        "scripts/run_proof_replay.py"
      ],
      "exit_code": 0,
      "log_path": "logs/VERIFY_PROOF_REPLAY.txt",
      "runtime_seconds": 0.23895990000164602,
      "timed_out": false,
      "timeout_seconds": 120
    },
    "proof_tamper": {
      "command": [
        "D:\\29722\\Desktop\\\u5f31\u5c0f\u4f46\u662f\u6709\u68a6\u60f3\u7684BoBoo\u6587\\paper\\paper7\\c2b\\.worktrees\\phase-c2b-worker\\.venv\\Scripts\\python.exe",
        "scripts/run_proof_tamper.py"
      ],
      "exit_code": 0,
      "log_path": "logs/VERIFY_PROOF_TAMPER.txt",
      "runtime_seconds": 0.5619551999989199,
      "timed_out": false,
      "timeout_seconds": 120
    },
    "property_suite": {
      "command": [
        "D:\\29722\\Desktop\\\u5f31\u5c0f\u4f46\u662f\u6709\u68a6\u60f3\u7684BoBoo\u6587\\paper\\paper7\\c2b\\.worktrees\\phase-c2b-worker\\.venv\\Scripts\\python.exe",
        "scripts/run_property_suite.py"
      ],
      "exit_code": 0,
      "log_path": "logs/VERIFY_PROPERTY_SUITE.txt",
      "runtime_seconds": 12.206471700003021,
      "timed_out": false,
      "timeout_seconds": 120
    },
    "py_compile": {
      "command": [
        "D:\\29722\\Desktop\\\u5f31\u5c0f\u4f46\u662f\u6709\u68a6\u60f3\u7684BoBoo\u6587\\paper\\paper7\\c2b\\.worktrees\\phase-c2b-worker\\.venv\\Scripts\\python.exe",
        "-m",
        "compileall",
        "-q",
        "phase_c2a",
        "tests",
        "scripts"
      ],
      "exit_code": 0,
      "log_path": "logs/VERIFY_PY_COMPILE.txt",
      "runtime_seconds": 0.09319459999824176,
      "timed_out": false,
      "timeout_seconds": 120
    },
    "pytest": {
      "command": [
        "D:\\29722\\Desktop\\\u5f31\u5c0f\u4f46\u662f\u6709\u68a6\u60f3\u7684BoBoo\u6587\\paper\\paper7\\c2b\\.worktrees\\phase-c2b-worker\\.venv\\Scripts\\python.exe",
        "-m",
        "pytest",
        "-q",
        "tests"
      ],
      "exit_code": 0,
      "log_path": "logs/VERIFY_PYTEST.txt",
      "runtime_seconds": 8.117906599996786,
      "timed_out": false,
      "timeout_seconds": 120
    },
    "relocation": {
      "command": [
        "D:\\29722\\Desktop\\\u5f31\u5c0f\u4f46\u662f\u6709\u68a6\u60f3\u7684BoBoo\u6587\\paper\\paper7\\c2b\\.worktrees\\phase-c2b-worker\\.venv\\Scripts\\python.exe",
        "scripts/run_relocation_check.py"
      ],
      "exit_code": 0,
      "log_path": "logs/VERIFY_RELOCATION.txt",
      "runtime_seconds": 0.519241999994847,
      "timed_out": false,
      "timeout_seconds": 120
    },
    "static_undefined": {
      "command": [
        "D:\\29722\\Desktop\\\u5f31\u5c0f\u4f46\u662f\u6709\u68a6\u60f3\u7684BoBoo\u6587\\paper\\paper7\\c2b\\.worktrees\\phase-c2b-worker\\.venv\\Scripts\\python.exe",
        "scripts/run_static_undefined_check.py"
      ],
      "exit_code": 0,
      "log_path": "logs/VERIFY_STATIC_UNDEFINED.txt",
      "runtime_seconds": 0.20785349999641767,
      "timed_out": false,
      "timeout_seconds": 120
    }
  },
  "field_only_loop_discovery": "NOT_IMPLEMENTED; candidate-free calls return UNKNOWN",
  "general_counts": {
    "circle_failures": 0,
    "circle_false_valid": 0,
    "circle_scenarios": 22,
    "circle_valid": 13,
    "knot_failures": 0,
    "knot_scenarios": 9,
    "knot_valid": 7
  },
  "general_semantic_gate": true,
  "overall_bounded_gate": true,
  "overall_runtime_seconds": 27.175232100002177,
  "overall_timeout_seconds": 600,
  "package_version": "0.2.0",
  "platform": "Windows-11-10.0.26200-SP0",
  "python": "3.12.13 (main, Aug  7 2026, 02:26:41) [MSC v.1944 64 bit (AMD64)]",
  "schema": "phase-c2b-verification-summary-v1",
  "worker_status": "SELF-VERIFICATION PASS \u2014 INDEPENDENT AUDIT PENDING"
}
